// Jest Snapshot v1, https://goo.gl/fbAQLP

exports[`MoiveList component should render correctly 1`] = `
<MoiveList
  className="sc-htpNat flqtFs"
  moives={
    Array [
      Object {
        "emoji": "world",
        "name": "hello",
      },
    ]
  }
/>
`;
