// Jest Snapshot v1, https://goo.gl/fbAQLP

exports[`Input component should render correctlt 1`] = `
<input
  className="sc-bdVaJa glQsoy"
/>
`;
