// Jest Snapshot v1, https://goo.gl/fbAQLP

exports[`MovieItem component should render correctly 1`] = `
<MovieItem
  className="sc-bwzfXH gOqXhy"
  emoji="World"
  name="Hello"
/>
`;
