// Jest Snapshot v1, https://goo.gl/fbAQLP

exports[`MoiveList component should render correctly 1`] = `
<MovieList
  className="sc-htpNat jClnHm"
  moives={
    Array [
      Object {
        "emoji": "world",
        "name": "hello",
      },
    ]
  }
/>
`;
